src/features/trips/components/AddTripExpenseModal.tsx(12,26): error TS2307: Cannot find module '@/components/ui/textarea' or its corresponding type declarations.
